../Core/Src/main.c:122:5:main	8	static
../Core/Src/main.c:221:6:SystemClock_Config	88	static
../Core/Src/main.c:269:13:MX_I2C1_Init	8	static
../Core/Src/main.c:303:13:MX_USART2_UART_Init	8	static
../Core/Src/main.c:336:13:MX_GPIO_Init	48	static
../Core/Src/main.c:410:6:StartDefaultTask	16	static
../Core/Src/main.c:428:6:StartKeypadTask	40	static
../Core/Src/main.c:513:6:StartMotionSensor	16	static
../Core/Src/main.c:574:6:StartOutputTask	16	static
../Core/Src/main.c:626:6:HAL_TIM_PeriodElapsedCallback	16	static
../Core/Src/main.c:643:6:Error_Handler	4	static,ignoring_inline_asm
