../Core/Src/main.c:124:6:vTimerCallback	16	static
../Core/Src/main.c:144:5:main	8	static
../Core/Src/main.c:244:6:SystemClock_Config	88	static
../Core/Src/main.c:292:13:MX_I2C1_Init	8	static
../Core/Src/main.c:326:13:MX_TIM2_Init	64	static
../Core/Src/main.c:385:13:MX_USART2_UART_Init	8	static
../Core/Src/main.c:418:13:MX_GPIO_Init	48	static
../Core/Src/main.c:492:6:StartDefaultTask	32	static
../Core/Src/main.c:529:6:StartKeypadTask	40	static
../Core/Src/main.c:614:6:StartMotionSensor	16	static
../Core/Src/main.c:675:6:StartOutputTask	16	static
../Core/Src/main.c:727:6:HAL_TIM_PeriodElapsedCallback	16	static
../Core/Src/main.c:744:6:Error_Handler	4	static,ignoring_inline_asm
